2026-02-04 09:00:30: Pipeline started
2026-02-04 09:00:30: Step 1: Researching 'pompeii archaeological park'...
2026-02-04 09:03:56: Step 1: Research completed
2026-02-04 09:03:56: Step 2: Exporting notes...
2026-02-04 09:06:24: Step 2: Export completed
2026-02-04 09:06:24: Step 3: Generating site...
2026-02-04 09:06:25: Step 3: Site generation completed
2026-02-04 09:06:25: Step 4: Publishing...
2026-02-04 09:06:28: Step 4: Publish completed
2026-02-04 09:06:28: Step 5: Committing main repo...
2026-02-04 09:06:30: Step 5: Main repo commit completed
2026-02-04 09:06:30: Step 6: Pushing GitHub Pages...
2026-02-04 09:06:33: Push failed or nothing to push in GitHub Pages
2026-02-04 09:06:33: Step 6: GitHub Pages commit completed
2026-02-04 09:06:33: Pipeline completed successfully
2026-02-04 09:16:38: Pipeline started
2026-02-04 09:16:38: Step 1: Researching 'Pompeii archaeological park graffiti'...
2026-02-04 09:19:26: Step 1: Research completed
2026-02-04 09:19:26: Step 2: Exporting notes...
2026-02-04 09:21:21: Step 2: Export completed
2026-02-04 09:21:21: Step 3: Generating site...
2026-02-04 09:21:22: Step 3: Site generation completed
2026-02-04 09:21:22: Step 4: Publishing...
2026-02-04 09:21:25: Step 4: Publish completed
2026-02-04 09:21:25: Step 5: Committing main repo...
2026-02-04 09:21:27: Step 5: Main repo commit completed
2026-02-04 09:21:27: Step 6: Pushing GitHub Pages...
2026-02-04 09:21:31: Step 6: GitHub Pages commit completed
2026-02-04 09:21:31: Pipeline completed successfully
2026-02-04 09:28:33: Pipeline started
2026-02-04 09:28:33: Step 1: Researching 'Pompeii archaeological park erotic fresco'...
2026-02-04 09:32:47: Step 1: Research completed
2026-02-04 09:32:47: Step 2: Exporting notes...
2026-02-04 09:34:07: Step 2: Export completed
2026-02-04 09:34:07: Step 3: Generating site...
2026-02-04 09:34:08: Step 3: Site generation completed
2026-02-04 09:34:08: Step 4: Publishing...
2026-02-04 09:34:11: Step 4: Publish completed
2026-02-04 09:34:11: Step 5: Committing main repo...
2026-02-04 09:34:13: Step 5: Main repo commit completed
2026-02-04 09:34:13: Step 6: Pushing GitHub Pages...
2026-02-04 09:34:16: Step 6: GitHub Pages commit completed
2026-02-04 09:34:16: Pipeline completed successfully
2026-02-04 13:21:49: Pipeline started
2026-02-04 13:21:49: Step 1: Researching 'Doge’s palace, Venice'...
2026-02-04 13:27:08: Step 1: Research completed
2026-02-04 13:27:08: Step 2: Exporting notes...
2026-02-04 13:29:24: Step 2: Export completed
2026-02-04 13:29:24: Step 3: Generating site...
2026-02-04 13:29:26: Step 3: Site generation completed
2026-02-04 13:29:26: Step 4: Publishing...
2026-02-04 13:29:28: Step 4: Publish completed
2026-02-04 13:29:28: Step 5: Committing main repo...
2026-02-04 13:29:30: Step 5: Main repo commit completed
2026-02-04 13:29:30: Step 6: Pushing GitHub Pages...
2026-02-04 13:29:34: Step 6: GitHub Pages commit completed
2026-02-04 13:29:34: Pipeline completed successfully
2026-02-04 13:59:41: Pipeline started
2026-02-04 13:59:41: Step 1: Researching 'Saint Mark's Basilica, Venice'...
2026-02-04 14:03:46: Step 1: Research completed
2026-02-04 14:03:46: Step 2: Exporting notes...
2026-02-04 14:06:12: Step 2: Export completed
2026-02-04 14:06:12: Step 3: Generating site...
2026-02-04 14:06:13: Step 3: Site generation completed
2026-02-04 14:06:13: Step 4: Publishing...
2026-02-04 14:06:15: Step 4: Publish completed
2026-02-04 14:06:15: Step 5: Committing main repo...
2026-02-04 14:06:18: Step 5: Main repo commit completed
2026-02-04 14:06:18: Step 6: Pushing GitHub Pages...
2026-02-04 14:06:21: Step 6: GitHub Pages commit completed
2026-02-04 14:06:21: Pipeline completed successfully
2026-02-04 14:13:26: Pipeline started
2026-02-04 14:13:26: Step 1: Researching 'Cathedral Florence'...
2026-02-04 14:17:13: Step 1: Research completed
2026-02-04 14:17:13: Step 2: Exporting notes...
2026-02-04 14:21:09: Step 2: Export completed
2026-02-04 14:21:09: Step 3: Generating site...
2026-02-04 14:21:10: Step 3: Site generation completed
2026-02-04 14:21:10: Step 4: Publishing...
2026-02-04 14:21:12: Step 4: Publish completed
2026-02-04 14:21:12: Step 5: Committing main repo...
2026-02-04 14:21:15: Step 5: Main repo commit completed
2026-02-04 14:21:15: Step 6: Pushing GitHub Pages...
2026-02-04 14:21:18: Step 6: GitHub Pages commit completed
2026-02-04 14:21:18: Pipeline completed successfully
2026-02-04 14:22:08: Pipeline started
2026-02-04 14:22:08: Step 1: Researching 'roman forum'...
2026-02-04 14:25:34: Step 1: Research completed
2026-02-04 14:25:34: Step 2: Exporting notes...
2026-02-04 14:28:54: Step 2: Export completed
2026-02-04 14:28:54: Step 3: Generating site...
2026-02-04 14:28:56: Step 3: Site generation completed
2026-02-04 14:28:56: Step 4: Publishing...
2026-02-04 14:28:58: Step 4: Publish completed
2026-02-04 14:28:58: Step 5: Committing main repo...
2026-02-04 23:25:06: Pipeline started
2026-02-04 23:25:06: Step 1: Researching 'Galleria dell’Accademia di Firenze'...
2026-02-04 23:31:22: Step 1: Research completed
2026-02-04 23:31:22: Step 2: Exporting notes...
2026-02-04 23:34:19: Step 2: Export completed
2026-02-04 23:34:19: Step 3: Generating site...
2026-02-04 23:34:21: Step 3: Site generation completed
2026-02-04 23:34:21: Step 4: Publishing...
2026-02-04 23:34:24: Step 4: Publish completed
2026-02-04 23:34:24: Step 5: Committing main repo...
2026-02-04 23:34:27: Step 5: Main repo commit completed
2026-02-04 23:34:27: Step 6: Pushing GitHub Pages...
2026-02-04 23:34:31: Step 6: GitHub Pages commit completed
2026-02-04 23:34:31: Pipeline completed successfully
2026-02-04 23:53:42: Pipeline started
2026-02-04 23:53:42: Step 1: Researching 'Opera del Duomo Museum'...
2026-02-04 23:58:18: Step 1: Research completed
2026-02-04 23:58:18: Step 2: Exporting notes...
2026-02-05 00:02:01: Step 2: Export completed
2026-02-05 00:02:01: Step 3: Generating site...
2026-02-05 00:02:03: Step 3: Site generation completed
2026-02-05 00:02:03: Step 4: Publishing...
2026-02-05 00:02:06: Step 4: Publish completed
2026-02-05 00:02:06: Step 5: Committing main repo...
2026-02-05 00:02:09: Step 5: Main repo commit completed
2026-02-05 00:02:09: Step 6: Pushing GitHub Pages...
2026-02-05 00:02:14: Step 6: GitHub Pages commit completed
2026-02-05 00:02:14: Pipeline completed successfully
2026-02-05 09:25:00: Pipeline started
2026-02-05 09:25:00: Step 1: Researching 'Palazzo Vecchio'...
2026-02-05 09:28:21: Step 1: Research completed
2026-02-05 09:28:21: Step 2: Exporting notes...
2026-02-05 09:31:26: Step 2: Export completed
2026-02-05 09:31:26: Step 3: Generating site...
2026-02-05 09:31:28: Step 3: Site generation completed
2026-02-05 09:31:28: Step 4: Publishing...
2026-02-05 09:31:30: Step 4: Publish completed
2026-02-05 09:31:30: Step 5: Committing main repo...
2026-02-05 09:31:33: Step 5: Main repo commit completed
2026-02-05 09:31:33: Step 6: Pushing GitHub Pages...
2026-02-05 09:31:36: Step 6: GitHub Pages commit completed
2026-02-05 09:31:36: Pipeline completed successfully
2026-02-05 09:58:17: Pipeline started
2026-02-05 09:58:17: Step 1: Researching 'Colosseum'...
2026-02-05 10:01:14: Step 1: Research completed
2026-02-05 10:01:14: Step 2: Exporting notes...
2026-02-05 10:03:21: Step 2: Export completed
2026-02-05 10:03:21: Step 3: Generating site...
2026-02-05 10:03:23: Step 3: Site generation completed
2026-02-05 10:03:23: Step 4: Publishing...
2026-02-05 10:03:25: Step 4: Publish completed
2026-02-05 10:03:25: Step 5: Committing main repo...
2026-02-05 10:03:27: Step 5: Main repo commit completed
2026-02-05 10:03:27: Step 6: Pushing GitHub Pages...
2026-02-05 10:03:30: Step 6: GitHub Pages commit completed
2026-02-05 10:03:30: Pipeline completed successfully
2026-02-05 10:36:11: Pipeline started
2026-02-05 10:36:11: Step 1: Researching 'Palatine Hill Rome'...
2026-02-05 10:38:30: Step 1: Research completed
2026-02-05 10:38:30: Step 2: Exporting notes...
2026-02-05 10:40:41: Step 2: Export completed
2026-02-05 10:40:41: Step 3: Generating site...
2026-02-05 10:40:43: Step 3: Site generation completed
2026-02-05 10:40:43: Step 4: Publishing...
2026-02-05 10:40:45: Step 4: Publish completed
2026-02-05 10:40:45: Step 5: Committing main repo...
2026-02-05 10:40:48: Step 5: Main repo commit completed
2026-02-05 10:40:48: Step 6: Pushing GitHub Pages...
2026-02-05 10:40:51: Step 6: GitHub Pages commit completed
2026-02-05 10:40:51: Pipeline completed successfully
2026-02-05 13:28:29: Pipeline started
2026-02-05 13:28:29: Step 1: Researching 'Baths of Caracalla'...
2026-02-05 13:31:58: Step 1: Research completed
2026-02-05 13:31:58: Step 2: Exporting notes...
2026-02-05 13:33:53: Step 2: Export completed
2026-02-05 13:33:53: Step 3: Generating site...
2026-02-05 13:33:54: Step 3: Site generation completed
2026-02-05 13:33:54: Step 4: Publishing...
2026-02-05 13:33:56: Step 4: Publish completed
2026-02-05 13:33:56: Step 5: Committing main repo...
2026-02-05 13:33:59: Step 5: Main repo commit completed
2026-02-05 13:33:59: Step 6: Pushing GitHub Pages...
2026-02-05 13:34:02: Step 6: GitHub Pages commit completed
2026-02-05 13:34:02: Pipeline completed successfully
2026-02-05 18:44:53: Pipeline started
2026-02-05 18:44:53: Step 1: Researching 'Via Appia Antica'...
2026-02-05 18:48:15: Step 1: Research completed
2026-02-05 18:48:15: Step 2: Exporting notes...
2026-02-05 18:51:45: Step 2: Export completed
2026-02-05 18:51:45: Step 3: Generating site...
2026-02-05 18:51:58: Step 3: Site generation completed
2026-02-05 18:51:58: Step 4: Publishing...
2026-02-05 18:52:00: Step 4: Publish completed
2026-02-05 18:52:00: Step 5: Committing main repo...
2026-02-05 18:52:03: Step 5: Main repo commit completed
2026-02-05 18:52:03: Step 6: Pushing GitHub Pages...
2026-02-05 18:52:06: Step 6: GitHub Pages commit completed
2026-02-05 18:52:06: Pipeline completed successfully
2026-02-05 19:09:33: Pipeline started
2026-02-05 19:09:33: Step 1: Researching 'Trevi Fountain'...
2026-02-05 19:11:35: Step 1: Research completed
2026-02-05 19:11:35: Step 2: Exporting notes...
2026-02-05 19:14:19: Step 2: Export completed
2026-02-05 19:14:19: Step 3: Generating site...
2026-02-05 19:14:25: Step 3: Site generation completed
2026-02-05 19:14:25: Step 4: Publishing...
2026-02-05 19:14:27: Step 4: Publish completed
2026-02-05 19:14:27: Step 5: Committing main repo...
